Raised at file "parsing/location.ml", line 514, characters 22-61
Called from file "bazel-out/host/bin/src/_obazl_/Ppx_version__Versioned_module.ml", line 1766, characters 3-408
Called from file "bazel-out/host/bin/src/_obazl_/Ppx_version__Versioned_module.ml", line 1831, characters 20-68
Called from file "list.ml", line 117, characters 24-34
Called from file "bazel-out/host/bin/src/_obazl_/Ppx_version__Versioned_module.ml", line 1823, characters 4-1216
Called from file "bazel-out/host/bin/src/_obazl_/Ppx_version__Versioned_module.ml", line 2589, characters 7-69

File "test/versioned_module_bad_version_order.ml", line 10, characters 4-50:
Error: Versioned modules must be listed in decreasing order.
